C51 COMPILER V9.54   MAIN                                                                  06/18/2018 22:00:32 PAGE 1   


C51 COMPILER V9.54, COMPILATION OF MODULE MAIN
OBJECT MODULE PLACED IN main.OBJ
COMPILER INVOKED BY: E:\Keil\Keil_v5\C51\BIN\C51.EXE main.c LARGE OPTIMIZE(8,SPEED) BROWSE DEBUG OBJECTEXTEND TABS(2)

line level    source

   1          /**************************************************************************************
   2          *                             3150104904 武鑫                                         *                                       
   3          ***************************************************************************************/
   4          #include "reg52.h"
   5          #include "models.h"
   6          
   7          // 定义关键词
   8          typedef unsigned int u16;
   9          typedef unsigned char u8;
  10          
  11          //定义引脚
  12          sbit PWM = P2^1;  // 电机PWM控制
  13          sbit SWI = P2^2;  // 电化开关，低电平接通
  14          sbit Dir = P2^3;  // 电机方向
  15          sbit beep = P2^4;  // 蜂鸣器,低电平响
  16          
  17          // 定义LCD显示变量
  18          u8 Disp0[]="                ";
  19          u8 Disp1[]="3150104904 WUXIN";
  20          u8 Disp2[]="    Stopped!    ";
  21          u8 Disp3[]="  Dir1  Speed1  ";
  22          u8 Disp4[]="  Dir1  Speed2  ";
  23          u8 Disp5[]="  Dir2  Speed1  ";
  24          u8 Disp6[]="  Dir2  Speed2  ";
  25          
  26          u8 Command='-';
  27          
  28          u16 low = 60;
  29          u16 high = 70;
  30          u16 pwm = 55;
  31          //u16 offset = 850;
  32          
  33          // 定义函数
  34          void Init();
  35          void CtrlInit();
  36          void LcdDisp(uchar *dat);
  37          
  38          /*******************************************************************************
  39          * 函 数 名         : main
  40          * 函数功能       : 主函数
  41          * 输    入         : 无
  42          * 输    出         : 无
  43          *******************************************************************************/
  44          void main(void)
  45          {
  46   1        u8 i;
  47   1        
  48   1        Init();  // 初始化所有模块
  49   1        
  50   1        for(i=0;i<16;i++)  // LED第一行信息，只需要执行一次
  51   1        {
  52   2          LcdWriteData(Disp1[i]); 
  53   2        }
  54   1        LcdDisp(Disp2);
  55   1      
C51 COMPILER V9.54   MAIN                                                                  06/18/2018 22:00:32 PAGE 2   

  56   1        // 程序主循环
  57   1        while(1){
  58   2          beep = 1;
  59   2          
  60   2          if(!START){
  61   3            beep = 0;
  62   3            Command = '4';
  63   3            while(!START);
  64   3          }
  65   2          if(!SWI){
  66   3            if(!UP){
  67   4              beep = 0;
  68   4              Command = '9';
  69   4              while(!UP);
  70   4            }
  71   3            else if(!DOWN){
  72   4              beep = 0;
  73   4              Command = '5';
  74   4              while(!DOWN);
  75   4            }
  76   3            else if(!LEFT){
  77   4              beep = 0;
  78   4              Command = '0';
  79   4              while(!LEFT);
  80   4            }
  81   3            else if(!RIGHT){
  82   4              beep = 0;
  83   4              Command = '3';
  84   4              while(!RIGHT);
  85   4            }
  86   3          }
  87   2          
  88   2          
  89   2          switch(Command){
  90   3            case '4':
  91   3              SWI = !SWI;
  92   3              if(SWI){  // 停机
  93   4                LcdDisp(Disp2);
  94   4              }
  95   3              else{  // 开启
  96   4                Dir = 0;
  97   4                pwm = low;
  98   4                LcdDisp(Disp3);
  99   4              }
 100   3              break;
 101   3            case '9':
 102   3              if(!Dir){
 103   4                pwm = high;
 104   4                LcdDisp(Disp4);
 105   4              }
 106   3              else{
 107   4                //pwm = 1000-high-offset;
 108   4                pwm = high;
 109   4                LcdDisp(Disp6);
 110   4              }
 111   3              break;
 112   3            case '5':
 113   3              if(!Dir){
 114   4                pwm = low;
 115   4                LcdDisp(Disp3);
 116   4              }
 117   3              else{
C51 COMPILER V9.54   MAIN                                                                  06/18/2018 22:00:32 PAGE 3   

 118   4                //pwm = 1000-low-offset;
 119   4                pwm = low;
 120   4                LcdDisp(Disp5);
 121   4              }
 122   3              break;
 123   3            case '0':
 124   3              Dir = 0;
 125   3              pwm = low;
 126   3              LcdDisp(Disp3);
 127   3              break;
 128   3            case '3':
 129   3              Dir = 1;
 130   3              //pwm = 1000-low-offset;
 131   3              pwm = low;
 132   3              LcdDisp(Disp5);
 133   3              break;
 134   3            default:
 135   3              break;
 136   3          }
 137   2      
 138   2          Command = '-';
 139   2          
 140   2          if(!SWI){
 141   3            PWM = 0;
 142   3            delay(pwm);
 143   3            PWM = 1;
 144   3            delay(1000-pwm);
 145   3          }
 146   2          else{
 147   3            PWM = 1;
 148   3            delay(1000);
 149   3          }
 150   2        }
 151   1      }
 152          
 153          void Init(){
 154   1        LcdInit();  // 初始化LCD
 155   1        IrInit();  // 初始化红外接收器
 156   1        BTInit();  // 初始化按钮引脚电平
 157   1        CtrlInit();  // 初始化控制引脚
 158   1      }
 159          
 160          void CtrlInit(){
 161   1        SWI = 1;  // 电路板通电后电机默认关闭
 162   1        Dir = 0;  // 方向1
 163   1      }
 164          
 165          void LcdDisp(uchar *dat)
 166          {
 167   1        u8 i;
 168   1        LcdWriteCom(0x80+0x40);
 169   1        for(i=0;i<16;i++)
 170   1        {
 171   2          LcdWriteData(dat[i]); 
 172   2        }
 173   1        Lcd1602_Delay1ms(100);
 174   1      }


MODULE INFORMATION:   STATIC OVERLAYABLE
   CODE SIZE        =    467    ----
   CONSTANT SIZE    =   ----    ----
C51 COMPILER V9.54   MAIN                                                                  06/18/2018 22:00:32 PAGE 4   

   XDATA SIZE       =    126       5
   PDATA SIZE       =   ----    ----
   DATA SIZE        =   ----    ----
   IDATA SIZE       =   ----    ----
   BIT SIZE         =   ----    ----
END OF MODULE INFORMATION.


C51 COMPILATION COMPLETE.  0 WARNING(S),  0 ERROR(S)
